{
    "total": 1106,
    "count": 1,
    "limit": 1,
    "offset": 1,
    "query": "",
    "packagePopularities": [
        {
            "name": "mesa-utils",
            "samples": 1026,
            "count": 837,
            "popularity": 81.58,
            "startMonth": 202112,
            "endMonth": 202201
        }
    ]
}
