{
    "total": 1104,
    "count": 100,
    "limit": 100,
    "offset": 0,
    "query": "",
    "packagePopularities": [
        {
            "name": "libvdpau-va-gl",
            "samples": 1026,
            "count": 851,
            "popularity": 82.94,
            "startMonth": 202112,
            "endMonth": 202201
        },
        {
            "name": "mkinitcpio-busybox",
            "samples": 1026,
            "count": 830,
            "popularity": 80.9,
            "startMonth": 202112,
            "endMonth": 202201
        },
        {
            "name": "inkscape",
            "samples": 1026,
            "count": 809,
            "popularity": 78.85,
            "startMonth": 202112,
            "endMonth": 202201
        },
        {
            "name": "lib32-wayland",
            "samples": 1026,
            "count": 797,
            "popularity": 77.68,
            "startMonth": 202112,
            "endMonth": 202201
        },
        {
            "name": "lib32-libpsl",
            "samples": 1026,
            "count": 779,
            "popularity": 75.93,
            "startMonth": 202112,
            "endMonth": 202201
        },
        {
            "name": "libcdr",
            "samples": 1026,
            "count": 747,
            "popularity": 72.81,
            "startMonth": 202112,
            "endMonth": 202201
        },
        {
            "name": "ghostscript",
            "samples": 1026,
            "count": 740,
            "popularity": 72.12,
            "startMonth": 202112,
            "endMonth": 202201
        },
        {
            "name": "lib32-libxfixes",
            "samples": 1026,
            "count": 740,
            "popularity": 72.12,
            "startMonth": 202112,
            "endMonth": 202201
        },
        {
            "name": "libdc1394",
            "samples": 1026,
            "count": 728,
            "popularity": 70.96,
            "startMonth": 202112,
            "endMonth": 202201
        },
        {
            "name": "xf86-video-nouveau",
            "samples": 1026,
            "count": 728,
            "popularity": 70.96,
            "startMonth": 202112,
            "endMonth": 202201
        },
        {
            "name": "pkgconf",
            "samples": 1026,
            "count": 722,
            "popularity": 70.37,
            "startMonth": 202112,
            "endMonth": 202201
        },
        {
            "name": "librsync",
            "samples": 1026,
            "count": 716,
            "popularity": 69.79,
            "startMonth": 202112,
            "endMonth": 202201
        },
        {
            "name": "graphicsmagick",
            "samples": 1026,
            "count": 709,
            "popularity": 69.1,
            "startMonth": 202112,
            "endMonth": 202201
        },
        {
            "name": "pyalpm",
            "samples": 1026,
            "count": 696,
            "popularity": 67.84,
            "startMonth": 202112,
            "endMonth": 202201
        },
        {
            "name": "ndctl",
            "samples": 1026,
            "count": 691,
            "popularity": 67.35,
            "startMonth": 202112,
            "endMonth": 202201
        },
        {
            "name": "auracle-git",
            "samples": 1026,
            "count": 688,
            "popularity": 67.06,
            "startMonth": 202112,
            "endMonth": 202201
        },
        {
            "name": "archlinux-keyring",
            "samples": 1026,
            "count": 687,
            "popularity": 66.96,
            "startMonth": 202112,
            "endMonth": 202201
        },
        {
            "name": "python-pyparsing",
            "samples": 1026,
            "count": 686,
            "popularity": 66.86,
            "startMonth": 202112,
            "endMonth": 202201
        },
        {
            "name": "gnome-video-effects",
            "samples": 1026,
            "count": 681,
            "popularity": 66.37,
            "startMonth": 202112,
            "endMonth": 202201
        },
        {
            "name": "xorg-xrdb",
            "samples": 1026,
            "count": 680,
            "popularity": 66.28,
            "startMonth": 202112,
            "endMonth": 202201
        },
        {
            "name": "appstream",
            "samples": 1026,
            "count": 676,
            "popularity": 65.89,
            "startMonth": 202112,
            "endMonth": 202201
        },
        {
            "name": "noto-fonts-emoji",
            "samples": 1026,
            "count": 675,
            "popularity": 65.79,
            "startMonth": 202112,
            "endMonth": 202201
        },
        {
            "name": "lcms2",
            "samples": 1026,
            "count": 674,
            "popularity": 65.69,
            "startMonth": 202112,
            "endMonth": 202201
        },
        {
            "name": "perl-mailtools",
            "samples": 1026,
            "count": 673,
            "popularity": 65.59,
            "startMonth": 202112,
            "endMonth": 202201
        },
        {
            "name": "virglrenderer",
            "samples": 1026,
            "count": 673,
            "popularity": 65.59,
            "startMonth": 202112,
            "endMonth": 202201
        },
        {
            "name": "zsh-theme-powerlevel10k",
            "samples": 1026,
            "count": 667,
            "popularity": 65.01,
            "startMonth": 202112,
            "endMonth": 202201
        },
        {
            "name": "lib32-expat",
            "samples": 1026,
            "count": 646,
            "popularity": 62.96,
            "startMonth": 202112,
            "endMonth": 202201
        },
        {
            "name": "aspell-de",
            "samples": 1026,
            "count": 644,
            "popularity": 62.77,
            "startMonth": 202112,
            "endMonth": 202201
        },
        {
            "name": "npth",
            "samples": 1026,
            "count": 637,
            "popularity": 62.09,
            "startMonth": 202112,
            "endMonth": 202201
        },
        {
            "name": "srt",
            "samples": 1026,
            "count": 637,
            "popularity": 62.09,
            "startMonth": 202112,
            "endMonth": 202201
        },
        {
            "name": "gtkmm3",
            "samples": 1026,
            "count": 634,
            "popularity": 61.79,
            "startMonth": 202112,
            "endMonth": 202201
        },
        {
            "name": "tree",
            "samples": 1026,
            "count": 633,
            "popularity": 61.7,
            "startMonth": 202112,
            "endMonth": 202201
        },
        {
            "name": "base",
            "samples": 1026,
            "count": 627,
            "popularity": 61.11,
            "startMonth": 202112,
            "endMonth": 202201
        },
        {
            "name": "chromaprint",
            "samples": 1026,
            "count": 625,
            "popularity": 60.92,
            "startMonth": 202112,
            "endMonth": 202201
        },
        {
            "name": "mesa",
            "samples": 1026,
            "count": 624,
            "popularity": 60.82,
            "startMonth": 202112,
            "endMonth": 202201
        },
        {
            "name": "fish",
            "samples": 1026,
            "count": 623,
            "popularity": 60.72,
            "startMonth": 202112,
            "endMonth": 202201
        },
        {
            "name": "perl-timedate",
            "samples": 1026,
            "count": 622,
            "popularity": 60.62,
            "startMonth": 202112,
            "endMonth": 202201
        },
        {
            "name": "gsound",
            "samples": 1026,
            "count": 621,
            "popularity": 60.53,
            "startMonth": 202112,
            "endMonth": 202201
        },
        {
            "name": "ragel",
            "samples": 1026,
            "count": 618,
            "popularity": 60.23,
            "startMonth": 202112,
            "endMonth": 202201
        },
        {
            "name": "zxing-cpp",
            "samples": 1026,
            "count": 617,
            "popularity": 60.14,
            "startMonth": 202112,
            "endMonth": 202201
        },
        {
            "name": "lib32-zstd",
            "samples": 1026,
            "count": 616,
            "popularity": 60.04,
            "startMonth": 202112,
            "endMonth": 202201
        },
        {
            "name": "libtheora",
            "samples": 1026,
            "count": 612,
            "popularity": 59.65,
            "startMonth": 202112,
            "endMonth": 202201
        },
        {
            "name": "lib32-harfbuzz",
            "samples": 1026,
            "count": 610,
            "popularity": 59.45,
            "startMonth": 202112,
            "endMonth": 202201
        },
        {
            "name": "perl-http-message",
            "samples": 1026,
            "count": 609,
            "popularity": 59.36,
            "startMonth": 202112,
            "endMonth": 202201
        },
        {
            "name": "qt5-base",
            "samples": 1026,
            "count": 606,
            "popularity": 59.06,
            "startMonth": 202112,
            "endMonth": 202201
        },
        {
            "name": "glu",
            "samples": 1026,
            "count": 600,
            "popularity": 58.48,
            "startMonth": 202112,
            "endMonth": 202201
        },
        {
            "name": "httpie",
            "samples": 1026,
            "count": 599,
            "popularity": 58.38,
            "startMonth": 202112,
            "endMonth": 202201
        },
        {
            "name": "lib32-libxss",
            "samples": 1026,
            "count": 599,
            "popularity": 58.38,
            "startMonth": 202112,
            "endMonth": 202201
        },
        {
            "name": "libvisual",
            "samples": 1026,
            "count": 598,
            "popularity": 58.28,
            "startMonth": 202112,
            "endMonth": 202201
        },
        {
            "name": "gavl",
            "samples": 1026,
            "count": 597,
            "popularity": 58.19,
            "startMonth": 202112,
            "endMonth": 202201
        },
        {
            "name": "numactl",
            "samples": 1026,
            "count": 597,
            "popularity": 58.19,
            "startMonth": 202112,
            "endMonth": 202201
        },
        {
            "name": "pcmanfm",
            "samples": 1026,
            "count": 597,
            "popularity": 58.19,
            "startMonth": 202112,
            "endMonth": 202201
        },
        {
            "name": "sbc",
            "samples": 1026,
            "count": 596,
            "popularity": 58.09,
            "startMonth": 202112,
            "endMonth": 202201
        },
        {
            "name": "python-more-itertools",
            "samples": 1026,
            "count": 595,
            "popularity": 57.99,
            "startMonth": 202112,
            "endMonth": 202201
        },
        {
            "name": "xorg-server",
            "samples": 1026,
            "count": 595,
            "popularity": 57.99,
            "startMonth": 202112,
            "endMonth": 202201
        },
        {
            "name": "libavtp",
            "samples": 1026,
            "count": 594,
            "popularity": 57.89,
            "startMonth": 202112,
            "endMonth": 202201
        },
        {
            "name": "boost-libs",
            "samples": 1026,
            "count": 586,
            "popularity": 57.12,
            "startMonth": 202112,
            "endMonth": 202201
        },
        {
            "name": "libibus",
            "samples": 1026,
            "count": 586,
            "popularity": 57.12,
            "startMonth": 202112,
            "endMonth": 202201
        },
        {
            "name": "python",
            "samples": 1026,
            "count": 585,
            "popularity": 57.02,
            "startMonth": 202112,
            "endMonth": 202201
        },
        {
            "name": "kate",
            "samples": 1026,
            "count": 581,
            "popularity": 56.63,
            "startMonth": 202112,
            "endMonth": 202201
        },
        {
            "name": "strace",
            "samples": 1026,
            "count": 580,
            "popularity": 56.53,
            "startMonth": 202112,
            "endMonth": 202201
        },
        {
            "name": "gnome-calculator",
            "samples": 1026,
            "count": 579,
            "popularity": 56.43,
            "startMonth": 202112,
            "endMonth": 202201
        },
        {
            "name": "python-ordered-set",
            "samples": 1026,
            "count": 579,
            "popularity": 56.43,
            "startMonth": 202112,
            "endMonth": 202201
        },
        {
            "name": "flac",
            "samples": 1026,
            "count": 577,
            "popularity": 56.24,
            "startMonth": 202112,
            "endMonth": 202201
        },
        {
            "name": "botan",
            "samples": 1026,
            "count": 576,
            "popularity": 56.14,
            "startMonth": 202112,
            "endMonth": 202201
        },
        {
            "name": "pcre",
            "samples": 1026,
            "count": 574,
            "popularity": 55.95,
            "startMonth": 202112,
            "endMonth": 202201
        },
        {
            "name": "gnome-desktop-common",
            "samples": 1026,
            "count": 573,
            "popularity": 55.85,
            "startMonth": 202112,
            "endMonth": 202201
        },
        {
            "name": "lib32-libunwind",
            "samples": 1026,
            "count": 572,
            "popularity": 55.75,
            "startMonth": 202112,
            "endMonth": 202201
        },
        {
            "name": "libraw1394",
            "samples": 1026,
            "count": 571,
            "popularity": 55.65,
            "startMonth": 202112,
            "endMonth": 202201
        },
        {
            "name": "freetype2",
            "samples": 1026,
            "count": 569,
            "popularity": 55.46,
            "startMonth": 202112,
            "endMonth": 202201
        },
        {
            "name": "lib32-libxshmfence",
            "samples": 1026,
            "count": 568,
            "popularity": 55.36,
            "startMonth": 202112,
            "endMonth": 202201
        },
        {
            "name": "libportal-gtk3",
            "samples": 1026,
            "count": 566,
            "popularity": 55.17,
            "startMonth": 202112,
            "endMonth": 202201
        },
        {
            "name": "dash",
            "samples": 1026,
            "count": 565,
            "popularity": 55.07,
            "startMonth": 202112,
            "endMonth": 202201
        },
        {
            "name": "elfutils",
            "samples": 1026,
            "count": 562,
            "popularity": 54.78,
            "startMonth": 202112,
            "endMonth": 202201
        },
        {
            "name": "libunistring",
            "samples": 1026,
            "count": 562,
            "popularity": 54.78,
            "startMonth": 202112,
            "endMonth": 202201
        },
        {
            "name": "perl",
            "samples": 1026,
            "count": 562,
            "popularity": 54.78,
            "startMonth": 202112,
            "endMonth": 202201
        },
        {
            "name": "fontconfig",
            "samples": 1026,
            "count": 561,
            "popularity": 54.68,
            "startMonth": 202112,
            "endMonth": 202201
        },
        {
            "name": "sratom",
            "samples": 1026,
            "count": 559,
            "popularity": 54.48,
            "startMonth": 202112,
            "endMonth": 202201
        },
        {
            "name": "xorg-fonts-encodings",
            "samples": 1026,
            "count": 559,
            "popularity": 54.48,
            "startMonth": 202112,
            "endMonth": 202201
        },
        {
            "name": "libgrss",
            "samples": 1026,
            "count": 558,
            "popularity": 54.39,
            "startMonth": 202112,
            "endMonth": 202201
        },
        {
            "name": "pacman-contrib",
            "samples": 1026,
            "count": 558,
            "popularity": 54.39,
            "startMonth": 202112,
            "endMonth": 202201
        },
        {
            "name": "device-mapper",
            "samples": 1026,
            "count": 557,
            "popularity": 54.29,
            "startMonth": 202112,
            "endMonth": 202201
        },
        {
            "name": "jemalloc",
            "samples": 1026,
            "count": 557,
            "popularity": 54.29,
            "startMonth": 202112,
            "endMonth": 202201
        },
        {
            "name": "coreutils",
            "samples": 1026,
            "count": 556,
            "popularity": 54.19,
            "startMonth": 202112,
            "endMonth": 202201
        },
        {
            "name": "gdbm",
            "samples": 1026,
            "count": 556,
            "popularity": 54.19,
            "startMonth": 202112,
            "endMonth": 202201
        },
        {
            "name": "lib32-vulkan-radeon",
            "samples": 1026,
            "count": 556,
            "popularity": 54.19,
            "startMonth": 202112,
            "endMonth": 202201
        },
        {
            "name": "libdvdnav",
            "samples": 1026,
            "count": 555,
            "popularity": 54.09,
            "startMonth": 202112,
            "endMonth": 202201
        },
        {
            "name": "just",
            "samples": 1026,
            "count": 554,
            "popularity": 54,
            "startMonth": 202112,
            "endMonth": 202201
        },
        {
            "name": "midori",
            "samples": 1026,
            "count": 553,
            "popularity": 53.9,
            "startMonth": 202112,
            "endMonth": 202201
        },
        {
            "name": "pwgen",
            "samples": 1026,
            "count": 553,
            "popularity": 53.9,
            "startMonth": 202112,
            "endMonth": 202201
        },
        {
            "name": "vala",
            "samples": 1026,
            "count": 553,
            "popularity": 53.9,
            "startMonth": 202112,
            "endMonth": 202201
        },
        {
            "name": "lib32-zlib",
            "samples": 1026,
            "count": 552,
            "popularity": 53.8,
            "startMonth": 202112,
            "endMonth": 202201
        },
        {
            "name": "linux-headers",
            "samples": 1026,
            "count": 551,
            "popularity": 53.7,
            "startMonth": 202112,
            "endMonth": 202201
        },
        {
            "name": "nettle",
            "samples": 1026,
            "count": 551,
            "popularity": 53.7,
            "startMonth": 202112,
            "endMonth": 202201
        },
        {
            "name": "woff2",
            "samples": 1026,
            "count": 551,
            "popularity": 53.7,
            "startMonth": 202112,
            "endMonth": 202201
        },
        {
            "name": "python-paramiko",
            "samples": 1026,
            "count": 550,
            "popularity": 53.61,
            "startMonth": 202112,
            "endMonth": 202201
        },
        {
            "name": "firefox",
            "samples": 1026,
            "count": 549,
            "popularity": 53.51,
            "startMonth": 202112,
            "endMonth": 202201
        },
        {
            "name": "libproxy",
            "samples": 1026,
            "count": 549,
            "popularity": 53.51,
            "startMonth": 202112,
            "endMonth": 202201
        },
        {
            "name": "nim",
            "samples": 1026,
            "count": 549,
            "popularity": 53.51,
            "startMonth": 202112,
            "endMonth": 202201
        },
        {
            "name": "gnome-disk-utility",
            "samples": 1026,
            "count": 547,
            "popularity": 53.31,
            "startMonth": 202112,
            "endMonth": 202201
        }
    ]
}
