{
    "request": "\/api\/packages?limit=1&offset=0&query=",
    "response": {
        "total": 1342,
        "count": 1,
        "limit": 1,
        "offset": 0,
        "query": "",
        "packagePopularities": [
            {
                "name": "libnftnl",
                "samples": 499,
                "count": 499,
                "popularity": 100,
                "startMonth": 202201,
                "endMonth": 202201
            }
        ]
    }
}
