{
    "total": 1111,
    "count": 1,
    "limit": 1,
    "offset": 1,
    "query": "",
    "packagePopularities": [
        {
            "name": "libsysprof-capture",
            "samples": 1026,
            "count": 830,
            "popularity": 80.9,
            "startMonth": 202112,
            "endMonth": 202201
        }
    ]
}
