{
    "total": 1111,
    "count": 100,
    "limit": 100,
    "offset": 0,
    "query": "",
    "packagePopularities": [
        {
            "name": "lzo",
            "samples": 1026,
            "count": 892,
            "popularity": 86.94,
            "startMonth": 202112,
            "endMonth": 202201
        },
        {
            "name": "libsysprof-capture",
            "samples": 1026,
            "count": 830,
            "popularity": 80.9,
            "startMonth": 202112,
            "endMonth": 202201
        },
        {
            "name": "gimp",
            "samples": 1026,
            "count": 785,
            "popularity": 76.51,
            "startMonth": 202112,
            "endMonth": 202201
        },
        {
            "name": "suitesparse",
            "samples": 1026,
            "count": 736,
            "popularity": 71.73,
            "startMonth": 202112,
            "endMonth": 202201
        },
        {
            "name": "gnome-shell-extensions",
            "samples": 1026,
            "count": 734,
            "popularity": 71.54,
            "startMonth": 202112,
            "endMonth": 202201
        },
        {
            "name": "mypaint-brushes1",
            "samples": 1026,
            "count": 730,
            "popularity": 71.15,
            "startMonth": 202112,
            "endMonth": 202201
        },
        {
            "name": "lib32-icu",
            "samples": 1026,
            "count": 727,
            "popularity": 70.86,
            "startMonth": 202112,
            "endMonth": 202201
        },
        {
            "name": "xf86-video-intel",
            "samples": 1026,
            "count": 717,
            "popularity": 69.88,
            "startMonth": 202112,
            "endMonth": 202201
        },
        {
            "name": "zsh-completions",
            "samples": 1026,
            "count": 712,
            "popularity": 69.4,
            "startMonth": 202112,
            "endMonth": 202201
        },
        {
            "name": "lib32-libxss",
            "samples": 1026,
            "count": 702,
            "popularity": 68.42,
            "startMonth": 202112,
            "endMonth": 202201
        },
        {
            "name": "gawk",
            "samples": 1026,
            "count": 684,
            "popularity": 66.67,
            "startMonth": 202112,
            "endMonth": 202201
        },
        {
            "name": "zxing-cpp",
            "samples": 1026,
            "count": 681,
            "popularity": 66.37,
            "startMonth": 202112,
            "endMonth": 202201
        },
        {
            "name": "chntpw",
            "samples": 1026,
            "count": 672,
            "popularity": 65.5,
            "startMonth": 202112,
            "endMonth": 202201
        },
        {
            "name": "alsa-plugins",
            "samples": 1026,
            "count": 671,
            "popularity": 65.4,
            "startMonth": 202112,
            "endMonth": 202201
        },
        {
            "name": "man-pages",
            "samples": 1026,
            "count": 668,
            "popularity": 65.11,
            "startMonth": 202112,
            "endMonth": 202201
        },
        {
            "name": "mythes-en",
            "samples": 1026,
            "count": 665,
            "popularity": 64.81,
            "startMonth": 202112,
            "endMonth": 202201
        },
        {
            "name": "lib32-krb5",
            "samples": 1026,
            "count": 654,
            "popularity": 63.74,
            "startMonth": 202112,
            "endMonth": 202201
        },
        {
            "name": "libp11-kit",
            "samples": 1026,
            "count": 654,
            "popularity": 63.74,
            "startMonth": 202112,
            "endMonth": 202201
        },
        {
            "name": "python-configobj",
            "samples": 1026,
            "count": 654,
            "popularity": 63.74,
            "startMonth": 202112,
            "endMonth": 202201
        },
        {
            "name": "python-evdev",
            "samples": 1026,
            "count": 651,
            "popularity": 63.45,
            "startMonth": 202112,
            "endMonth": 202201
        },
        {
            "name": "aspell",
            "samples": 1026,
            "count": 650,
            "popularity": 63.35,
            "startMonth": 202112,
            "endMonth": 202201
        },
        {
            "name": "libstemmer",
            "samples": 1026,
            "count": 649,
            "popularity": 63.26,
            "startMonth": 202112,
            "endMonth": 202201
        },
        {
            "name": "frei0r-plugins",
            "samples": 1026,
            "count": 645,
            "popularity": 62.87,
            "startMonth": 202112,
            "endMonth": 202201
        },
        {
            "name": "lib32-libxcrypt",
            "samples": 1026,
            "count": 644,
            "popularity": 62.77,
            "startMonth": 202112,
            "endMonth": 202201
        },
        {
            "name": "libmng",
            "samples": 1026,
            "count": 644,
            "popularity": 62.77,
            "startMonth": 202112,
            "endMonth": 202201
        },
        {
            "name": "openbox",
            "samples": 1026,
            "count": 644,
            "popularity": 62.77,
            "startMonth": 202112,
            "endMonth": 202201
        },
        {
            "name": "smbclient",
            "samples": 1026,
            "count": 642,
            "popularity": 62.57,
            "startMonth": 202112,
            "endMonth": 202201
        },
        {
            "name": "perl-mailtools",
            "samples": 1026,
            "count": 640,
            "popularity": 62.38,
            "startMonth": 202112,
            "endMonth": 202201
        },
        {
            "name": "lib32-libffi",
            "samples": 1026,
            "count": 639,
            "popularity": 62.28,
            "startMonth": 202112,
            "endMonth": 202201
        },
        {
            "name": "libcacard",
            "samples": 1026,
            "count": 638,
            "popularity": 62.18,
            "startMonth": 202112,
            "endMonth": 202201
        },
        {
            "name": "openjpeg2",
            "samples": 1026,
            "count": 636,
            "popularity": 61.99,
            "startMonth": 202112,
            "endMonth": 202201
        },
        {
            "name": "aom",
            "samples": 1026,
            "count": 635,
            "popularity": 61.89,
            "startMonth": 202112,
            "endMonth": 202201
        },
        {
            "name": "lib32-nss",
            "samples": 1026,
            "count": 635,
            "popularity": 61.89,
            "startMonth": 202112,
            "endMonth": 202201
        },
        {
            "name": "sequoia-sq",
            "samples": 1026,
            "count": 635,
            "popularity": 61.89,
            "startMonth": 202112,
            "endMonth": 202201
        },
        {
            "name": "xf86-video-amdgpu",
            "samples": 1026,
            "count": 635,
            "popularity": 61.89,
            "startMonth": 202112,
            "endMonth": 202201
        },
        {
            "name": "ruby",
            "samples": 1026,
            "count": 634,
            "popularity": 61.79,
            "startMonth": 202112,
            "endMonth": 202201
        },
        {
            "name": "jemalloc",
            "samples": 1026,
            "count": 633,
            "popularity": 61.7,
            "startMonth": 202112,
            "endMonth": 202201
        },
        {
            "name": "perl-authen-sasl",
            "samples": 1026,
            "count": 632,
            "popularity": 61.6,
            "startMonth": 202112,
            "endMonth": 202201
        },
        {
            "name": "qrencode",
            "samples": 1026,
            "count": 632,
            "popularity": 61.6,
            "startMonth": 202112,
            "endMonth": 202201
        },
        {
            "name": "libass",
            "samples": 1026,
            "count": 626,
            "popularity": 61.01,
            "startMonth": 202112,
            "endMonth": 202201
        },
        {
            "name": "xorg-xrdb",
            "samples": 1026,
            "count": 625,
            "popularity": 60.92,
            "startMonth": 202112,
            "endMonth": 202201
        },
        {
            "name": "json-glib",
            "samples": 1026,
            "count": 622,
            "popularity": 60.62,
            "startMonth": 202112,
            "endMonth": 202201
        },
        {
            "name": "ghostscript",
            "samples": 1026,
            "count": 621,
            "popularity": 60.53,
            "startMonth": 202112,
            "endMonth": 202201
        },
        {
            "name": "electron16",
            "samples": 1026,
            "count": 620,
            "popularity": 60.43,
            "startMonth": 202112,
            "endMonth": 202201
        },
        {
            "name": "git",
            "samples": 1026,
            "count": 618,
            "popularity": 60.23,
            "startMonth": 202112,
            "endMonth": 202201
        },
        {
            "name": "libcue",
            "samples": 1026,
            "count": 618,
            "popularity": 60.23,
            "startMonth": 202112,
            "endMonth": 202201
        },
        {
            "name": "xdg-desktop-portal-gnome",
            "samples": 1026,
            "count": 618,
            "popularity": 60.23,
            "startMonth": 202112,
            "endMonth": 202201
        },
        {
            "name": "device-mapper",
            "samples": 1026,
            "count": 608,
            "popularity": 59.26,
            "startMonth": 202112,
            "endMonth": 202201
        },
        {
            "name": "libevent",
            "samples": 1026,
            "count": 608,
            "popularity": 59.26,
            "startMonth": 202112,
            "endMonth": 202201
        },
        {
            "name": "iproute2",
            "samples": 1026,
            "count": 607,
            "popularity": 59.16,
            "startMonth": 202112,
            "endMonth": 202201
        },
        {
            "name": "lapack",
            "samples": 1026,
            "count": 605,
            "popularity": 58.97,
            "startMonth": 202112,
            "endMonth": 202201
        },
        {
            "name": "lib32-mesa",
            "samples": 1026,
            "count": 603,
            "popularity": 58.77,
            "startMonth": 202112,
            "endMonth": 202201
        },
        {
            "name": "libspectre",
            "samples": 1026,
            "count": 601,
            "popularity": 58.58,
            "startMonth": 202112,
            "endMonth": 202201
        },
        {
            "name": "openal",
            "samples": 1026,
            "count": 601,
            "popularity": 58.58,
            "startMonth": 202112,
            "endMonth": 202201
        },
        {
            "name": "python-pyscard",
            "samples": 1026,
            "count": 601,
            "popularity": 58.58,
            "startMonth": 202112,
            "endMonth": 202201
        },
        {
            "name": "xournalpp",
            "samples": 1026,
            "count": 601,
            "popularity": 58.58,
            "startMonth": 202112,
            "endMonth": 202201
        },
        {
            "name": "java-environment-common",
            "samples": 1026,
            "count": 600,
            "popularity": 58.48,
            "startMonth": 202112,
            "endMonth": 202201
        },
        {
            "name": "python-requests",
            "samples": 1026,
            "count": 599,
            "popularity": 58.38,
            "startMonth": 202112,
            "endMonth": 202201
        },
        {
            "name": "lib32-ncurses",
            "samples": 1026,
            "count": 598,
            "popularity": 58.28,
            "startMonth": 202112,
            "endMonth": 202201
        },
        {
            "name": "sudo",
            "samples": 1026,
            "count": 594,
            "popularity": 57.89,
            "startMonth": 202112,
            "endMonth": 202201
        },
        {
            "name": "argon2",
            "samples": 1026,
            "count": 591,
            "popularity": 57.6,
            "startMonth": 202112,
            "endMonth": 202201
        },
        {
            "name": "flashrom",
            "samples": 1026,
            "count": 590,
            "popularity": 57.5,
            "startMonth": 202112,
            "endMonth": 202201
        },
        {
            "name": "piper",
            "samples": 1026,
            "count": 588,
            "popularity": 57.31,
            "startMonth": 202112,
            "endMonth": 202201
        },
        {
            "name": "gsound",
            "samples": 1026,
            "count": 587,
            "popularity": 57.21,
            "startMonth": 202112,
            "endMonth": 202201
        },
        {
            "name": "lib32-vulkan-radeon",
            "samples": 1026,
            "count": 587,
            "popularity": 57.21,
            "startMonth": 202112,
            "endMonth": 202201
        },
        {
            "name": "djvulibre",
            "samples": 1026,
            "count": 586,
            "popularity": 57.12,
            "startMonth": 202112,
            "endMonth": 202201
        },
        {
            "name": "tracker3",
            "samples": 1026,
            "count": 585,
            "popularity": 57.02,
            "startMonth": 202112,
            "endMonth": 202201
        },
        {
            "name": "zsh-history-substring-search",
            "samples": 1026,
            "count": 585,
            "popularity": 57.02,
            "startMonth": 202112,
            "endMonth": 202201
        },
        {
            "name": "hwdata",
            "samples": 1026,
            "count": 581,
            "popularity": 56.63,
            "startMonth": 202112,
            "endMonth": 202201
        },
        {
            "name": "libpsl",
            "samples": 1026,
            "count": 581,
            "popularity": 56.63,
            "startMonth": 202112,
            "endMonth": 202201
        },
        {
            "name": "gtk-update-icon-cache",
            "samples": 1026,
            "count": 578,
            "popularity": 56.34,
            "startMonth": 202112,
            "endMonth": 202201
        },
        {
            "name": "groff",
            "samples": 1026,
            "count": 577,
            "popularity": 56.24,
            "startMonth": 202112,
            "endMonth": 202201
        },
        {
            "name": "lib32-llvm-libs",
            "samples": 1026,
            "count": 577,
            "popularity": 56.24,
            "startMonth": 202112,
            "endMonth": 202201
        },
        {
            "name": "libjcat",
            "samples": 1026,
            "count": 576,
            "popularity": 56.14,
            "startMonth": 202112,
            "endMonth": 202201
        },
        {
            "name": "geoclue",
            "samples": 1026,
            "count": 570,
            "popularity": 55.56,
            "startMonth": 202112,
            "endMonth": 202201
        },
        {
            "name": "ostree",
            "samples": 1026,
            "count": 570,
            "popularity": 55.56,
            "startMonth": 202112,
            "endMonth": 202201
        },
        {
            "name": "perl-http-date",
            "samples": 1026,
            "count": 569,
            "popularity": 55.46,
            "startMonth": 202112,
            "endMonth": 202201
        },
        {
            "name": "expat",
            "samples": 1026,
            "count": 565,
            "popularity": 55.07,
            "startMonth": 202112,
            "endMonth": 202201
        },
        {
            "name": "libaio",
            "samples": 1026,
            "count": 562,
            "popularity": 54.78,
            "startMonth": 202112,
            "endMonth": 202201
        },
        {
            "name": "libtirpc",
            "samples": 1026,
            "count": 562,
            "popularity": 54.78,
            "startMonth": 202112,
            "endMonth": 202201
        },
        {
            "name": "vivaldi",
            "samples": 1026,
            "count": 562,
            "popularity": 54.78,
            "startMonth": 202112,
            "endMonth": 202201
        },
        {
            "name": "dosfstools",
            "samples": 1026,
            "count": 561,
            "popularity": 54.68,
            "startMonth": 202112,
            "endMonth": 202201
        },
        {
            "name": "whois",
            "samples": 1026,
            "count": 561,
            "popularity": 54.68,
            "startMonth": 202112,
            "endMonth": 202201
        },
        {
            "name": "erofs-utils",
            "samples": 1026,
            "count": 560,
            "popularity": 54.58,
            "startMonth": 202112,
            "endMonth": 202201
        },
        {
            "name": "texlive-bin",
            "samples": 1026,
            "count": 560,
            "popularity": 54.58,
            "startMonth": 202112,
            "endMonth": 202201
        },
        {
            "name": "electron17",
            "samples": 1026,
            "count": 558,
            "popularity": 54.39,
            "startMonth": 202112,
            "endMonth": 202201
        },
        {
            "name": "libksba",
            "samples": 1026,
            "count": 558,
            "popularity": 54.39,
            "startMonth": 202112,
            "endMonth": 202201
        },
        {
            "name": "perl-uri",
            "samples": 1026,
            "count": 558,
            "popularity": 54.39,
            "startMonth": 202112,
            "endMonth": 202201
        },
        {
            "name": "double-conversion",
            "samples": 1026,
            "count": 557,
            "popularity": 54.29,
            "startMonth": 202112,
            "endMonth": 202201
        },
        {
            "name": "i3-wm",
            "samples": 1026,
            "count": 556,
            "popularity": 54.19,
            "startMonth": 202112,
            "endMonth": 202201
        },
        {
            "name": "lib32-pam",
            "samples": 1026,
            "count": 556,
            "popularity": 54.19,
            "startMonth": 202112,
            "endMonth": 202201
        },
        {
            "name": "telepathy-mission-control",
            "samples": 1026,
            "count": 556,
            "popularity": 54.19,
            "startMonth": 202112,
            "endMonth": 202201
        },
        {
            "name": "budgie-desktop",
            "samples": 1026,
            "count": 553,
            "popularity": 53.9,
            "startMonth": 202112,
            "endMonth": 202201
        },
        {
            "name": "nss",
            "samples": 1026,
            "count": 550,
            "popularity": 53.61,
            "startMonth": 202112,
            "endMonth": 202201
        },
        {
            "name": "perl-io-html",
            "samples": 1026,
            "count": 548,
            "popularity": 53.41,
            "startMonth": 202112,
            "endMonth": 202201
        },
        {
            "name": "tree",
            "samples": 1026,
            "count": 548,
            "popularity": 53.41,
            "startMonth": 202112,
            "endMonth": 202201
        },
        {
            "name": "python-pyelftools",
            "samples": 1026,
            "count": 546,
            "popularity": 53.22,
            "startMonth": 202112,
            "endMonth": 202201
        },
        {
            "name": "gupnp",
            "samples": 1026,
            "count": 545,
            "popularity": 53.12,
            "startMonth": 202112,
            "endMonth": 202201
        },
        {
            "name": "squashfs-tools",
            "samples": 1026,
            "count": 544,
            "popularity": 53.02,
            "startMonth": 202112,
            "endMonth": 202201
        },
        {
            "name": "shadow",
            "samples": 1026,
            "count": 543,
            "popularity": 52.92,
            "startMonth": 202112,
            "endMonth": 202201
        }
    ]
}
