{
    "total": 8,
    "count": 6,
    "limit": 100,
    "offset": 2,
    "query": "php",
    "packagePopularities": [
        {
            "name": "php-phpdbg",
            "samples": 499,
            "count": 252,
            "popularity": 50.5,
            "startMonth": 202201,
            "endMonth": 202201
        },
        {
            "name": "php-intl",
            "samples": 499,
            "count": 226,
            "popularity": 45.29,
            "startMonth": 202201,
            "endMonth": 202201
        },
        {
            "name": "phpstorm-jre",
            "samples": 499,
            "count": 226,
            "popularity": 45.29,
            "startMonth": 202201,
            "endMonth": 202201
        },
        {
            "name": "php-apcu",
            "samples": 499,
            "count": 170,
            "popularity": 34.07,
            "startMonth": 202201,
            "endMonth": 202201
        },
        {
            "name": "php-sqlite",
            "samples": 499,
            "count": 151,
            "popularity": 30.26,
            "startMonth": 202201,
            "endMonth": 202201
        },
        {
            "name": "phpstorm",
            "samples": 499,
            "count": 142,
            "popularity": 28.46,
            "startMonth": 202201,
            "endMonth": 202201
        }
    ]
}
