{
    "request": "\/api\/packages\/pacman\/series?startMonth=202112&endMonth=202201&limit=10&offset=2",
    "response": {
        "total": 2,
        "count": 0,
        "limit": 10,
        "offset": 2,
        "query": null,
        "packagePopularities": []
    }
}
