{
    "total": 8,
    "count": 1,
    "limit": 1,
    "offset": 2,
    "query": "php",
    "packagePopularities": [
        {
            "name": "php-apcu",
            "samples": 1026,
            "count": 467,
            "popularity": 45.52,
            "startMonth": 202112,
            "endMonth": 202201
        }
    ]
}
