{
    "request": "\/api\/packages\/pacman\/series?endMonth=202201&limit=10&offset=1",
    "response": {
        "total": 1,
        "count": 0,
        "limit": 10,
        "offset": 1,
        "query": null,
        "packagePopularities": []
    }
}
