<?xml version="1.0" encoding="UTF-8"?>
<urlset xmlns="http://www.sitemaps.org/schemas/sitemap/0.9">
  <url>
    <loc>http://localhost/</loc>
  </url>
  <url>
    <loc>http://localhost/fun</loc>
  </url>
  <url>
    <loc>http://localhost/packages</loc>
  </url>
</urlset>
