{
    "total": 8,
    "count": 1,
    "limit": 1,
    "offset": 2,
    "query": "php",
    "packagePopularities": [
        {
            "name": "php",
            "samples": 499,
            "count": 296,
            "popularity": 59.32,
            "startMonth": 202201,
            "endMonth": 202201
        }
    ]
}
