{
    "request": "\/api\/packages?startMonth=202112&offset=2",
    "response": {
        "total": 1342,
        "count": 100,
        "limit": 100,
        "offset": 2,
        "query": "",
        "packagePopularities": [
            {
                "name": "libshout",
                "samples": 1026,
                "count": 741,
                "popularity": 72.22,
                "startMonth": 202112,
                "endMonth": 202201
            },
            {
                "name": "lib32-libxml2",
                "samples": 1026,
                "count": 727,
                "popularity": 70.86,
                "startMonth": 202112,
                "endMonth": 202201
            },
            {
                "name": "poppler-data",
                "samples": 1026,
                "count": 720,
                "popularity": 70.18,
                "startMonth": 202112,
                "endMonth": 202201
            },
            {
                "name": "apache",
                "samples": 1026,
                "count": 714,
                "popularity": 69.59,
                "startMonth": 202112,
                "endMonth": 202201
            },
            {
                "name": "libxt",
                "samples": 1026,
                "count": 707,
                "popularity": 68.91,
                "startMonth": 202112,
                "endMonth": 202201
            },
            {
                "name": "texlive-bin",
                "samples": 1026,
                "count": 706,
                "popularity": 68.81,
                "startMonth": 202112,
                "endMonth": 202201
            },
            {
                "name": "libbs2b",
                "samples": 1026,
                "count": 683,
                "popularity": 66.57,
                "startMonth": 202112,
                "endMonth": 202201
            },
            {
                "name": "multipath-tools",
                "samples": 1026,
                "count": 682,
                "popularity": 66.47,
                "startMonth": 202112,
                "endMonth": 202201
            },
            {
                "name": "lib32-pam",
                "samples": 1026,
                "count": 681,
                "popularity": 66.37,
                "startMonth": 202112,
                "endMonth": 202201
            },
            {
                "name": "xorg-xrandr",
                "samples": 1026,
                "count": 678,
                "popularity": 66.08,
                "startMonth": 202112,
                "endMonth": 202201
            },
            {
                "name": "lsb-release",
                "samples": 1026,
                "count": 674,
                "popularity": 65.69,
                "startMonth": 202112,
                "endMonth": 202201
            },
            {
                "name": "xorg-xset",
                "samples": 1026,
                "count": 674,
                "popularity": 65.69,
                "startMonth": 202112,
                "endMonth": 202201
            },
            {
                "name": "bitwarden",
                "samples": 1026,
                "count": 673,
                "popularity": 65.59,
                "startMonth": 202112,
                "endMonth": 202201
            },
            {
                "name": "libarchive",
                "samples": 1026,
                "count": 672,
                "popularity": 65.5,
                "startMonth": 202112,
                "endMonth": 202201
            },
            {
                "name": "libnvme",
                "samples": 1026,
                "count": 668,
                "popularity": 65.11,
                "startMonth": 202112,
                "endMonth": 202201
            },
            {
                "name": "libwebp",
                "samples": 1026,
                "count": 668,
                "popularity": 65.11,
                "startMonth": 202112,
                "endMonth": 202201
            },
            {
                "name": "gimp",
                "samples": 1026,
                "count": 662,
                "popularity": 64.52,
                "startMonth": 202112,
                "endMonth": 202201
            },
            {
                "name": "qemu-system-riscv",
                "samples": 1026,
                "count": 657,
                "popularity": 64.04,
                "startMonth": 202112,
                "endMonth": 202201
            },
            {
                "name": "docker-compose",
                "samples": 1026,
                "count": 655,
                "popularity": 63.84,
                "startMonth": 202112,
                "endMonth": 202201
            },
            {
                "name": "jq",
                "samples": 1026,
                "count": 655,
                "popularity": 63.84,
                "startMonth": 202112,
                "endMonth": 202201
            },
            {
                "name": "poppler",
                "samples": 1026,
                "count": 654,
                "popularity": 63.74,
                "startMonth": 202112,
                "endMonth": 202201
            },
            {
                "name": "libedit",
                "samples": 1026,
                "count": 651,
                "popularity": 63.45,
                "startMonth": 202112,
                "endMonth": 202201
            },
            {
                "name": "libassuan",
                "samples": 1026,
                "count": 649,
                "popularity": 63.26,
                "startMonth": 202112,
                "endMonth": 202201
            },
            {
                "name": "hwdata",
                "samples": 1026,
                "count": 648,
                "popularity": 63.16,
                "startMonth": 202112,
                "endMonth": 202201
            },
            {
                "name": "libxrandr",
                "samples": 1026,
                "count": 648,
                "popularity": 63.16,
                "startMonth": 202112,
                "endMonth": 202201
            },
            {
                "name": "devtools-config",
                "samples": 1026,
                "count": 647,
                "popularity": 63.06,
                "startMonth": 202112,
                "endMonth": 202201
            },
            {
                "name": "lib32-libxss",
                "samples": 1026,
                "count": 646,
                "popularity": 62.96,
                "startMonth": 202112,
                "endMonth": 202201
            },
            {
                "name": "enchant",
                "samples": 1026,
                "count": 645,
                "popularity": 62.87,
                "startMonth": 202112,
                "endMonth": 202201
            },
            {
                "name": "qt5-svg",
                "samples": 1026,
                "count": 644,
                "popularity": 62.77,
                "startMonth": 202112,
                "endMonth": 202201
            },
            {
                "name": "qemu-tools",
                "samples": 1026,
                "count": 642,
                "popularity": 62.57,
                "startMonth": 202112,
                "endMonth": 202201
            },
            {
                "name": "python-platformdirs",
                "samples": 1026,
                "count": 638,
                "popularity": 62.18,
                "startMonth": 202112,
                "endMonth": 202201
            },
            {
                "name": "python-pip",
                "samples": 1026,
                "count": 636,
                "popularity": 61.99,
                "startMonth": 202112,
                "endMonth": 202201
            },
            {
                "name": "qemu-system-x86",
                "samples": 1026,
                "count": 635,
                "popularity": 61.89,
                "startMonth": 202112,
                "endMonth": 202201
            },
            {
                "name": "qhull",
                "samples": 1026,
                "count": 632,
                "popularity": 61.6,
                "startMonth": 202112,
                "endMonth": 202201
            },
            {
                "name": "colord",
                "samples": 1026,
                "count": 631,
                "popularity": 61.5,
                "startMonth": 202112,
                "endMonth": 202201
            },
            {
                "name": "yubico-c-client",
                "samples": 1026,
                "count": 629,
                "popularity": 61.31,
                "startMonth": 202112,
                "endMonth": 202201
            },
            {
                "name": "libldap",
                "samples": 1026,
                "count": 626,
                "popularity": 61.01,
                "startMonth": 202112,
                "endMonth": 202201
            },
            {
                "name": "libppd",
                "samples": 1026,
                "count": 625,
                "popularity": 60.92,
                "startMonth": 202112,
                "endMonth": 202201
            },
            {
                "name": "python-uc-micro-py",
                "samples": 1026,
                "count": 618,
                "popularity": 60.23,
                "startMonth": 202112,
                "endMonth": 202201
            },
            {
                "name": "libxtst",
                "samples": 1026,
                "count": 616,
                "popularity": 60.04,
                "startMonth": 202112,
                "endMonth": 202201
            },
            {
                "name": "aom",
                "samples": 1026,
                "count": 612,
                "popularity": 59.65,
                "startMonth": 202112,
                "endMonth": 202201
            },
            {
                "name": "python-jaraco.context",
                "samples": 1026,
                "count": 612,
                "popularity": 59.65,
                "startMonth": 202112,
                "endMonth": 202201
            },
            {
                "name": "tree",
                "samples": 1026,
                "count": 612,
                "popularity": 59.65,
                "startMonth": 202112,
                "endMonth": 202201
            },
            {
                "name": "libbytesize",
                "samples": 1026,
                "count": 611,
                "popularity": 59.55,
                "startMonth": 202112,
                "endMonth": 202201
            },
            {
                "name": "fishrc",
                "samples": 1026,
                "count": 609,
                "popularity": 59.36,
                "startMonth": 202112,
                "endMonth": 202201
            },
            {
                "name": "aarch64-linux-gnu-linux-api-headers",
                "samples": 1026,
                "count": 607,
                "popularity": 59.16,
                "startMonth": 202112,
                "endMonth": 202201
            },
            {
                "name": "strace",
                "samples": 1026,
                "count": 607,
                "popularity": 59.16,
                "startMonth": 202112,
                "endMonth": 202201
            },
            {
                "name": "findutils",
                "samples": 1026,
                "count": 605,
                "popularity": 58.97,
                "startMonth": 202112,
                "endMonth": 202201
            },
            {
                "name": "systemd-libs",
                "samples": 1026,
                "count": 604,
                "popularity": 58.87,
                "startMonth": 202112,
                "endMonth": 202201
            },
            {
                "name": "libusb",
                "samples": 1026,
                "count": 600,
                "popularity": 58.48,
                "startMonth": 202112,
                "endMonth": 202201
            },
            {
                "name": "python-cryptography",
                "samples": 1026,
                "count": 599,
                "popularity": 58.38,
                "startMonth": 202112,
                "endMonth": 202201
            },
            {
                "name": "sdl2",
                "samples": 1026,
                "count": 599,
                "popularity": 58.38,
                "startMonth": 202112,
                "endMonth": 202201
            },
            {
                "name": "libblockdev-part",
                "samples": 1026,
                "count": 598,
                "popularity": 58.28,
                "startMonth": 202112,
                "endMonth": 202201
            },
            {
                "name": "raptor",
                "samples": 1026,
                "count": 598,
                "popularity": 58.28,
                "startMonth": 202112,
                "endMonth": 202201
            },
            {
                "name": "libsixel",
                "samples": 1026,
                "count": 595,
                "popularity": 57.99,
                "startMonth": 202112,
                "endMonth": 202201
            },
            {
                "name": "perl-net-ip",
                "samples": 1026,
                "count": 595,
                "popularity": 57.99,
                "startMonth": 202112,
                "endMonth": 202201
            },
            {
                "name": "qemu-system-xtensa",
                "samples": 1026,
                "count": 593,
                "popularity": 57.8,
                "startMonth": 202112,
                "endMonth": 202201
            },
            {
                "name": "dmidecode",
                "samples": 1026,
                "count": 591,
                "popularity": 57.6,
                "startMonth": 202112,
                "endMonth": 202201
            },
            {
                "name": "pigz",
                "samples": 1026,
                "count": 591,
                "popularity": 57.6,
                "startMonth": 202112,
                "endMonth": 202201
            },
            {
                "name": "libxxf86vm",
                "samples": 1026,
                "count": 590,
                "popularity": 57.5,
                "startMonth": 202112,
                "endMonth": 202201
            },
            {
                "name": "libtracefs",
                "samples": 1026,
                "count": 588,
                "popularity": 57.31,
                "startMonth": 202112,
                "endMonth": 202201
            },
            {
                "name": "libsoxr",
                "samples": 1026,
                "count": 587,
                "popularity": 57.21,
                "startMonth": 202112,
                "endMonth": 202201
            },
            {
                "name": "python-pyserial",
                "samples": 1026,
                "count": 586,
                "popularity": 57.12,
                "startMonth": 202112,
                "endMonth": 202201
            },
            {
                "name": "qemu-system-ppc",
                "samples": 1026,
                "count": 586,
                "popularity": 57.12,
                "startMonth": 202112,
                "endMonth": 202201
            },
            {
                "name": "dbus-broker-units",
                "samples": 1026,
                "count": 585,
                "popularity": 57.02,
                "startMonth": 202112,
                "endMonth": 202201
            },
            {
                "name": "guile",
                "samples": 1026,
                "count": 585,
                "popularity": 57.02,
                "startMonth": 202112,
                "endMonth": 202201
            },
            {
                "name": "lib32-libdrm",
                "samples": 1026,
                "count": 585,
                "popularity": 57.02,
                "startMonth": 202112,
                "endMonth": 202201
            },
            {
                "name": "pangomm-2.48",
                "samples": 1026,
                "count": 585,
                "popularity": 57.02,
                "startMonth": 202112,
                "endMonth": 202201
            },
            {
                "name": "libnotify",
                "samples": 1026,
                "count": 584,
                "popularity": 56.92,
                "startMonth": 202112,
                "endMonth": 202201
            },
            {
                "name": "giflib",
                "samples": 1026,
                "count": 583,
                "popularity": 56.82,
                "startMonth": 202112,
                "endMonth": 202201
            },
            {
                "name": "libxi",
                "samples": 1026,
                "count": 583,
                "popularity": 56.82,
                "startMonth": 202112,
                "endMonth": 202201
            },
            {
                "name": "gst-plugins-base-libs",
                "samples": 1026,
                "count": 581,
                "popularity": 56.63,
                "startMonth": 202112,
                "endMonth": 202201
            },
            {
                "name": "lapce",
                "samples": 1026,
                "count": 581,
                "popularity": 56.63,
                "startMonth": 202112,
                "endMonth": 202201
            },
            {
                "name": "linux-firmware-whence",
                "samples": 1026,
                "count": 580,
                "popularity": 56.53,
                "startMonth": 202112,
                "endMonth": 202201
            },
            {
                "name": "freetype2",
                "samples": 1026,
                "count": 578,
                "popularity": 56.34,
                "startMonth": 202112,
                "endMonth": 202201
            },
            {
                "name": "gssdp",
                "samples": 1026,
                "count": 575,
                "popularity": 56.04,
                "startMonth": 202112,
                "endMonth": 202201
            },
            {
                "name": "libvpl",
                "samples": 1026,
                "count": 575,
                "popularity": 56.04,
                "startMonth": 202112,
                "endMonth": 202201
            },
            {
                "name": "python-charset-normalizer",
                "samples": 1026,
                "count": 575,
                "popularity": 56.04,
                "startMonth": 202112,
                "endMonth": 202201
            },
            {
                "name": "glm",
                "samples": 1026,
                "count": 574,
                "popularity": 55.95,
                "startMonth": 202112,
                "endMonth": 202201
            },
            {
                "name": "python-urllib3",
                "samples": 1026,
                "count": 574,
                "popularity": 55.95,
                "startMonth": 202112,
                "endMonth": 202201
            },
            {
                "name": "python-secretstorage",
                "samples": 1026,
                "count": 572,
                "popularity": 55.75,
                "startMonth": 202112,
                "endMonth": 202201
            },
            {
                "name": "libnftnl",
                "samples": 1026,
                "count": 570,
                "popularity": 55.56,
                "startMonth": 202112,
                "endMonth": 202201
            },
            {
                "name": "noto-fonts-emoji",
                "samples": 1026,
                "count": 570,
                "popularity": 55.56,
                "startMonth": 202112,
                "endMonth": 202201
            },
            {
                "name": "perl-http-date",
                "samples": 1026,
                "count": 569,
                "popularity": 55.46,
                "startMonth": 202112,
                "endMonth": 202201
            },
            {
                "name": "python-chardet",
                "samples": 1026,
                "count": 569,
                "popularity": 55.46,
                "startMonth": 202112,
                "endMonth": 202201
            },
            {
                "name": "lib32-sqlite",
                "samples": 1026,
                "count": 567,
                "popularity": 55.26,
                "startMonth": 202112,
                "endMonth": 202201
            },
            {
                "name": "namcap",
                "samples": 1026,
                "count": 567,
                "popularity": 55.26,
                "startMonth": 202112,
                "endMonth": 202201
            },
            {
                "name": "go-tools",
                "samples": 1026,
                "count": 566,
                "popularity": 55.17,
                "startMonth": 202112,
                "endMonth": 202201
            },
            {
                "name": "libburn",
                "samples": 1026,
                "count": 566,
                "popularity": 55.17,
                "startMonth": 202112,
                "endMonth": 202201
            },
            {
                "name": "qemu-system-microblaze",
                "samples": 1026,
                "count": 562,
                "popularity": 54.78,
                "startMonth": 202112,
                "endMonth": 202201
            },
            {
                "name": "fuse2",
                "samples": 1026,
                "count": 561,
                "popularity": 54.68,
                "startMonth": 202112,
                "endMonth": 202201
            },
            {
                "name": "freeglut",
                "samples": 1026,
                "count": 560,
                "popularity": 54.58,
                "startMonth": 202112,
                "endMonth": 202201
            },
            {
                "name": "lib32-libgcrypt",
                "samples": 1026,
                "count": 560,
                "popularity": 54.58,
                "startMonth": 202112,
                "endMonth": 202201
            },
            {
                "name": "perl-digest-sha1",
                "samples": 1026,
                "count": 560,
                "popularity": 54.58,
                "startMonth": 202112,
                "endMonth": 202201
            },
            {
                "name": "qemu-system-sparc",
                "samples": 1026,
                "count": 560,
                "popularity": 54.58,
                "startMonth": 202112,
                "endMonth": 202201
            },
            {
                "name": "yubikey-personalization",
                "samples": 1026,
                "count": 560,
                "popularity": 54.58,
                "startMonth": 202112,
                "endMonth": 202201
            },
            {
                "name": "clamav",
                "samples": 1026,
                "count": 559,
                "popularity": 54.48,
                "startMonth": 202112,
                "endMonth": 202201
            },
            {
                "name": "graphicsmagick",
                "samples": 1026,
                "count": 558,
                "popularity": 54.39,
                "startMonth": 202112,
                "endMonth": 202201
            },
            {
                "name": "perl-http-message",
                "samples": 1026,
                "count": 558,
                "popularity": 54.39,
                "startMonth": 202112,
                "endMonth": 202201
            },
            {
                "name": "qt5-tools",
                "samples": 1026,
                "count": 558,
                "popularity": 54.39,
                "startMonth": 202112,
                "endMonth": 202201
            }
        ]
    }
}
