{
    "total": 2,
    "count": 2,
    "limit": 10,
    "offset": 0,
    "query": null,
    "packagePopularities": [
        {
            "name": "pacman",
            "samples": 527,
            "count": 140,
            "popularity": 26.57,
            "startMonth": 202112,
            "endMonth": 202112
        },
        {
            "name": "pacman",
            "samples": 499,
            "count": 171,
            "popularity": 34.27,
            "startMonth": 202201,
            "endMonth": 202201
        }
    ]
}
