{
    "total": 8,
    "count": 8,
    "limit": 10,
    "offset": 0,
    "query": "php",
    "packagePopularities": [
        {
            "name": "php-intl",
            "samples": 1026,
            "count": 562,
            "popularity": 54.78,
            "startMonth": 202112,
            "endMonth": 202201
        },
        {
            "name": "phpstorm",
            "samples": 1026,
            "count": 512,
            "popularity": 49.9,
            "startMonth": 202112,
            "endMonth": 202201
        },
        {
            "name": "php-sqlite",
            "samples": 1026,
            "count": 418,
            "popularity": 40.74,
            "startMonth": 202112,
            "endMonth": 202201
        },
        {
            "name": "phpstorm-jre",
            "samples": 1026,
            "count": 394,
            "popularity": 38.4,
            "startMonth": 202112,
            "endMonth": 202201
        },
        {
            "name": "php-apcu",
            "samples": 1026,
            "count": 367,
            "popularity": 35.77,
            "startMonth": 202112,
            "endMonth": 202201
        },
        {
            "name": "php",
            "samples": 1026,
            "count": 350,
            "popularity": 34.11,
            "startMonth": 202112,
            "endMonth": 202201
        },
        {
            "name": "php-gd",
            "samples": 1026,
            "count": 225,
            "popularity": 21.93,
            "startMonth": 202112,
            "endMonth": 202201
        },
        {
            "name": "php-phpdbg",
            "samples": 1026,
            "count": 200,
            "popularity": 19.49,
            "startMonth": 202112,
            "endMonth": 202201
        }
    ]
}
