{
    "request": "/api/packages?limit=1",
    "response": {
        "total": 1336,
        "count": 1,
        "packagePopularities": [
            {
                "name": "libnftnl",
                "samples": 499,
                "count": 499,
                "popularity": 100,
                "startMonth": 202201,
                "endMonth": 202201
            }
        ],
        "limit": 1,
        "offset": 0,
        "query": ""
    }
}
