{
    "total": 8,
    "count": 1,
    "limit": 1,
    "offset": 0,
    "query": "php",
    "packagePopularities": [
        {
            "name": "php",
            "samples": 1026,
            "count": 501,
            "popularity": 48.83,
            "startMonth": 202112,
            "endMonth": 202201
        }
    ]
}
