{
    "total": 2,
    "count": 2,
    "limit": 100,
    "offset": 0,
    "query": null,
    "packagePopularities": [
        {
            "name": "pacman",
            "samples": 527,
            "count": 374,
            "popularity": 70.97,
            "startMonth": 202112,
            "endMonth": 202112
        },
        {
            "name": "pacman",
            "samples": 499,
            "count": 338,
            "popularity": 67.74,
            "startMonth": 202201,
            "endMonth": 202201
        }
    ]
}
