{
    "request": "\/api\/packages\/pacman\/series?limit=1&offset=2",
    "response": {
        "total": 1,
        "count": 0,
        "limit": 1,
        "offset": 2,
        "query": null,
        "packagePopularities": []
    }
}
