{
    "total": 1,
    "count": 0,
    "limit": 1,
    "offset": 1,
    "query": null,
    "packagePopularities": []
}
