{
    "total": 8,
    "count": 1,
    "limit": 1,
    "offset": 0,
    "query": "php",
    "packagePopularities": [
        {
            "name": "phpstorm-jre",
            "samples": 1026,
            "count": 523,
            "popularity": 50.97,
            "startMonth": 202112,
            "endMonth": 202201
        }
    ]
}
