{
    "total": 3,
    "count": 1,
    "limit": 1,
    "offset": 0,
    "query": "pacman",
    "packagePopularities": [
        {
            "name": "pacman-mirrorlist",
            "samples": 499,
            "count": 196,
            "popularity": 39.28,
            "startMonth": 202201,
            "endMonth": 202201
        }
    ]
}
