{
    "total": 1111,
    "count": 10,
    "limit": 10,
    "offset": 1,
    "query": "",
    "packagePopularities": [
        {
            "name": "lib32-icu",
            "samples": 499,
            "count": 475,
            "popularity": 95.19,
            "startMonth": 202201,
            "endMonth": 202201
        },
        {
            "name": "gnome-shell-extensions",
            "samples": 499,
            "count": 468,
            "popularity": 93.79,
            "startMonth": 202201,
            "endMonth": 202201
        },
        {
            "name": "gawk",
            "samples": 499,
            "count": 459,
            "popularity": 91.98,
            "startMonth": 202201,
            "endMonth": 202201
        },
        {
            "name": "jemalloc",
            "samples": 499,
            "count": 454,
            "popularity": 90.98,
            "startMonth": 202201,
            "endMonth": 202201
        },
        {
            "name": "arch-rebuild-order",
            "samples": 499,
            "count": 439,
            "popularity": 87.98,
            "startMonth": 202201,
            "endMonth": 202201
        },
        {
            "name": "lapack",
            "samples": 499,
            "count": 437,
            "popularity": 87.58,
            "startMonth": 202201,
            "endMonth": 202201
        },
        {
            "name": "python-configobj",
            "samples": 499,
            "count": 436,
            "popularity": 87.37,
            "startMonth": 202201,
            "endMonth": 202201
        },
        {
            "name": "alsa-plugins",
            "samples": 499,
            "count": 433,
            "popularity": 86.77,
            "startMonth": 202201,
            "endMonth": 202201
        },
        {
            "name": "lib32-libssh2",
            "samples": 499,
            "count": 427,
            "popularity": 85.57,
            "startMonth": 202201,
            "endMonth": 202201
        },
        {
            "name": "aspell",
            "samples": 499,
            "count": 424,
            "popularity": 84.97,
            "startMonth": 202201,
            "endMonth": 202201
        }
    ]
}
