{
    "total": 3,
    "count": 1,
    "limit": 1,
    "offset": 1,
    "query": "pacman",
    "packagePopularities": [
        {
            "name": "pacman-mirrorlist",
            "samples": 1026,
            "count": 465,
            "popularity": 45.32,
            "startMonth": 202112,
            "endMonth": 202201
        }
    ]
}
