{
    "total": 1104,
    "count": 1,
    "limit": 1,
    "offset": 2,
    "query": "",
    "packagePopularities": [
        {
            "name": "inkscape",
            "samples": 1026,
            "count": 809,
            "popularity": 78.85,
            "startMonth": 202112,
            "endMonth": 202201
        }
    ]
}
