{
    "total": 1342,
    "count": 1,
    "limit": 1,
    "offset": 2,
    "query": "",
    "packagePopularities": [
        {
            "name": "libshout",
            "samples": 1026,
            "count": 741,
            "popularity": 72.22,
            "startMonth": 202112,
            "endMonth": 202201
        }
    ]
}
