{
    "total": 2,
    "count": 0,
    "limit": 100,
    "offset": 2,
    "query": null,
    "packagePopularities": []
}
