{
    "total": 8,
    "count": 1,
    "limit": 1,
    "offset": 0,
    "query": "php",
    "packagePopularities": [
        {
            "name": "phpstorm",
            "samples": 499,
            "count": 379,
            "popularity": 75.95,
            "startMonth": 202201,
            "endMonth": 202201
        }
    ]
}
