{
    "total": 1106,
    "count": 10,
    "limit": 10,
    "offset": 0,
    "query": "",
    "packagePopularities": [
        {
            "name": "libva",
            "samples": 1026,
            "count": 904,
            "popularity": 88.11,
            "startMonth": 202112,
            "endMonth": 202201
        },
        {
            "name": "mesa-utils",
            "samples": 1026,
            "count": 837,
            "popularity": 81.58,
            "startMonth": 202112,
            "endMonth": 202201
        },
        {
            "name": "libutf8proc",
            "samples": 1026,
            "count": 800,
            "popularity": 77.97,
            "startMonth": 202112,
            "endMonth": 202201
        },
        {
            "name": "python-importlib-metadata",
            "samples": 1026,
            "count": 793,
            "popularity": 77.29,
            "startMonth": 202112,
            "endMonth": 202201
        },
        {
            "name": "bluez-tools",
            "samples": 1026,
            "count": 767,
            "popularity": 74.76,
            "startMonth": 202112,
            "endMonth": 202201
        },
        {
            "name": "lib32-sdl_net",
            "samples": 1026,
            "count": 742,
            "popularity": 72.32,
            "startMonth": 202112,
            "endMonth": 202201
        },
        {
            "name": "perl-io-html",
            "samples": 1026,
            "count": 739,
            "popularity": 72.03,
            "startMonth": 202112,
            "endMonth": 202201
        },
        {
            "name": "compiler-rt",
            "samples": 1026,
            "count": 719,
            "popularity": 70.08,
            "startMonth": 202112,
            "endMonth": 202201
        },
        {
            "name": "pacman",
            "samples": 1026,
            "count": 712,
            "popularity": 69.4,
            "startMonth": 202112,
            "endMonth": 202201
        },
        {
            "name": "zenity",
            "samples": 1026,
            "count": 710,
            "popularity": 69.2,
            "startMonth": 202112,
            "endMonth": 202201
        }
    ]
}
