{
    "total": 1106,
    "count": 1,
    "limit": 1,
    "offset": 0,
    "query": "",
    "packagePopularities": [
        {
            "name": "libva",
            "samples": 1026,
            "count": 904,
            "popularity": 88.11,
            "startMonth": 202112,
            "endMonth": 202201
        }
    ]
}
