{
    "total": 1102,
    "count": 10,
    "limit": 10,
    "offset": 2,
    "query": "",
    "packagePopularities": [
        {
            "name": "seabios",
            "samples": 1026,
            "count": 765,
            "popularity": 74.56,
            "startMonth": 202112,
            "endMonth": 202201
        },
        {
            "name": "gjs",
            "samples": 1026,
            "count": 756,
            "popularity": 73.68,
            "startMonth": 202112,
            "endMonth": 202201
        },
        {
            "name": "bzip2",
            "samples": 1026,
            "count": 755,
            "popularity": 73.59,
            "startMonth": 202112,
            "endMonth": 202201
        },
        {
            "name": "perl-socket6",
            "samples": 1026,
            "count": 752,
            "popularity": 73.29,
            "startMonth": 202112,
            "endMonth": 202201
        },
        {
            "name": "lua",
            "samples": 1026,
            "count": 734,
            "popularity": 71.54,
            "startMonth": 202112,
            "endMonth": 202201
        },
        {
            "name": "staticcheck",
            "samples": 1026,
            "count": 730,
            "popularity": 71.15,
            "startMonth": 202112,
            "endMonth": 202201
        },
        {
            "name": "libwpd",
            "samples": 1026,
            "count": 725,
            "popularity": 70.66,
            "startMonth": 202112,
            "endMonth": 202201
        },
        {
            "name": "python",
            "samples": 1026,
            "count": 721,
            "popularity": 70.27,
            "startMonth": 202112,
            "endMonth": 202201
        },
        {
            "name": "libdaemon",
            "samples": 1026,
            "count": 717,
            "popularity": 69.88,
            "startMonth": 202112,
            "endMonth": 202201
        },
        {
            "name": "cups-filters",
            "samples": 1026,
            "count": 702,
            "popularity": 68.42,
            "startMonth": 202112,
            "endMonth": 202201
        }
    ]
}
