{
    "total": 1111,
    "count": 100,
    "limit": 100,
    "offset": 2,
    "query": "",
    "packagePopularities": [
        {
            "name": "gnome-shell-extensions",
            "samples": 499,
            "count": 468,
            "popularity": 93.79,
            "startMonth": 202201,
            "endMonth": 202201
        },
        {
            "name": "gawk",
            "samples": 499,
            "count": 459,
            "popularity": 91.98,
            "startMonth": 202201,
            "endMonth": 202201
        },
        {
            "name": "jemalloc",
            "samples": 499,
            "count": 454,
            "popularity": 90.98,
            "startMonth": 202201,
            "endMonth": 202201
        },
        {
            "name": "arch-rebuild-order",
            "samples": 499,
            "count": 439,
            "popularity": 87.98,
            "startMonth": 202201,
            "endMonth": 202201
        },
        {
            "name": "lapack",
            "samples": 499,
            "count": 437,
            "popularity": 87.58,
            "startMonth": 202201,
            "endMonth": 202201
        },
        {
            "name": "python-configobj",
            "samples": 499,
            "count": 436,
            "popularity": 87.37,
            "startMonth": 202201,
            "endMonth": 202201
        },
        {
            "name": "alsa-plugins",
            "samples": 499,
            "count": 433,
            "popularity": 86.77,
            "startMonth": 202201,
            "endMonth": 202201
        },
        {
            "name": "lib32-libssh2",
            "samples": 499,
            "count": 427,
            "popularity": 85.57,
            "startMonth": 202201,
            "endMonth": 202201
        },
        {
            "name": "aspell",
            "samples": 499,
            "count": 424,
            "popularity": 84.97,
            "startMonth": 202201,
            "endMonth": 202201
        },
        {
            "name": "xf86-video-nouveau",
            "samples": 499,
            "count": 422,
            "popularity": 84.57,
            "startMonth": 202201,
            "endMonth": 202201
        },
        {
            "name": "libspectre",
            "samples": 499,
            "count": 420,
            "popularity": 84.17,
            "startMonth": 202201,
            "endMonth": 202201
        },
        {
            "name": "expat",
            "samples": 499,
            "count": 419,
            "popularity": 83.97,
            "startMonth": 202201,
            "endMonth": 202201
        },
        {
            "name": "mktorrent",
            "samples": 499,
            "count": 418,
            "popularity": 83.77,
            "startMonth": 202201,
            "endMonth": 202201
        },
        {
            "name": "ghostscript",
            "samples": 499,
            "count": 417,
            "popularity": 83.57,
            "startMonth": 202201,
            "endMonth": 202201
        },
        {
            "name": "gimp",
            "samples": 499,
            "count": 414,
            "popularity": 82.97,
            "startMonth": 202201,
            "endMonth": 202201
        },
        {
            "name": "suitesparse",
            "samples": 499,
            "count": 410,
            "popularity": 82.16,
            "startMonth": 202201,
            "endMonth": 202201
        },
        {
            "name": "sndio",
            "samples": 499,
            "count": 409,
            "popularity": 81.96,
            "startMonth": 202201,
            "endMonth": 202201
        },
        {
            "name": "gupnp",
            "samples": 499,
            "count": 393,
            "popularity": 78.76,
            "startMonth": 202201,
            "endMonth": 202201
        },
        {
            "name": "telepathy-mission-control",
            "samples": 499,
            "count": 393,
            "popularity": 78.76,
            "startMonth": 202201,
            "endMonth": 202201
        },
        {
            "name": "mypaint-brushes1",
            "samples": 499,
            "count": 392,
            "popularity": 78.56,
            "startMonth": 202201,
            "endMonth": 202201
        },
        {
            "name": "lib32-nss",
            "samples": 499,
            "count": 391,
            "popularity": 78.36,
            "startMonth": 202201,
            "endMonth": 202201
        },
        {
            "name": "brotli",
            "samples": 499,
            "count": 390,
            "popularity": 78.16,
            "startMonth": 202201,
            "endMonth": 202201
        },
        {
            "name": "gsound",
            "samples": 499,
            "count": 388,
            "popularity": 77.76,
            "startMonth": 202201,
            "endMonth": 202201
        },
        {
            "name": "gtk-update-icon-cache",
            "samples": 499,
            "count": 388,
            "popularity": 77.76,
            "startMonth": 202201,
            "endMonth": 202201
        },
        {
            "name": "electron17",
            "samples": 499,
            "count": 387,
            "popularity": 77.56,
            "startMonth": 202201,
            "endMonth": 202201
        },
        {
            "name": "lib32-libtasn1",
            "samples": 499,
            "count": 385,
            "popularity": 77.15,
            "startMonth": 202201,
            "endMonth": 202201
        },
        {
            "name": "chntpw",
            "samples": 499,
            "count": 383,
            "popularity": 76.75,
            "startMonth": 202201,
            "endMonth": 202201
        },
        {
            "name": "lzo",
            "samples": 499,
            "count": 383,
            "popularity": 76.75,
            "startMonth": 202201,
            "endMonth": 202201
        },
        {
            "name": "soundtouch",
            "samples": 499,
            "count": 381,
            "popularity": 76.35,
            "startMonth": 202201,
            "endMonth": 202201
        },
        {
            "name": "device-mapper",
            "samples": 499,
            "count": 380,
            "popularity": 76.15,
            "startMonth": 202201,
            "endMonth": 202201
        },
        {
            "name": "perl-http-date",
            "samples": 499,
            "count": 379,
            "popularity": 75.95,
            "startMonth": 202201,
            "endMonth": 202201
        },
        {
            "name": "libtirpc",
            "samples": 499,
            "count": 377,
            "popularity": 75.55,
            "startMonth": 202201,
            "endMonth": 202201
        },
        {
            "name": "argon2",
            "samples": 499,
            "count": 376,
            "popularity": 75.35,
            "startMonth": 202201,
            "endMonth": 202201
        },
        {
            "name": "lib32-ncurses",
            "samples": 499,
            "count": 376,
            "popularity": 75.35,
            "startMonth": 202201,
            "endMonth": 202201
        },
        {
            "name": "ruby",
            "samples": 499,
            "count": 374,
            "popularity": 74.95,
            "startMonth": 202201,
            "endMonth": 202201
        },
        {
            "name": "libcacard",
            "samples": 499,
            "count": 372,
            "popularity": 74.55,
            "startMonth": 202201,
            "endMonth": 202201
        },
        {
            "name": "flac",
            "samples": 499,
            "count": 371,
            "popularity": 74.35,
            "startMonth": 202201,
            "endMonth": 202201
        },
        {
            "name": "gettext",
            "samples": 499,
            "count": 371,
            "popularity": 74.35,
            "startMonth": 202201,
            "endMonth": 202201
        },
        {
            "name": "iproute2",
            "samples": 499,
            "count": 371,
            "popularity": 74.35,
            "startMonth": 202201,
            "endMonth": 202201
        },
        {
            "name": "libsodium",
            "samples": 499,
            "count": 369,
            "popularity": 73.95,
            "startMonth": 202201,
            "endMonth": 202201
        },
        {
            "name": "poppler",
            "samples": 499,
            "count": 368,
            "popularity": 73.75,
            "startMonth": 202201,
            "endMonth": 202201
        },
        {
            "name": "awesome",
            "samples": 499,
            "count": 365,
            "popularity": 73.15,
            "startMonth": 202201,
            "endMonth": 202201
        },
        {
            "name": "steam",
            "samples": 499,
            "count": 365,
            "popularity": 73.15,
            "startMonth": 202201,
            "endMonth": 202201
        },
        {
            "name": "xf86-video-intel",
            "samples": 499,
            "count": 365,
            "popularity": 73.15,
            "startMonth": 202201,
            "endMonth": 202201
        },
        {
            "name": "babl",
            "samples": 499,
            "count": 362,
            "popularity": 72.55,
            "startMonth": 202201,
            "endMonth": 202201
        },
        {
            "name": "xf86-video-amdgpu",
            "samples": 499,
            "count": 362,
            "popularity": 72.55,
            "startMonth": 202201,
            "endMonth": 202201
        },
        {
            "name": "geoclue",
            "samples": 499,
            "count": 360,
            "popularity": 72.14,
            "startMonth": 202201,
            "endMonth": 202201
        },
        {
            "name": "zxing-cpp",
            "samples": 499,
            "count": 360,
            "popularity": 72.14,
            "startMonth": 202201,
            "endMonth": 202201
        },
        {
            "name": "dash",
            "samples": 499,
            "count": 359,
            "popularity": 71.94,
            "startMonth": 202201,
            "endMonth": 202201
        },
        {
            "name": "lib32-libxcrypt",
            "samples": 499,
            "count": 359,
            "popularity": 71.94,
            "startMonth": 202201,
            "endMonth": 202201
        },
        {
            "name": "sway",
            "samples": 499,
            "count": 359,
            "popularity": 71.94,
            "startMonth": 202201,
            "endMonth": 202201
        },
        {
            "name": "ttf-droid",
            "samples": 499,
            "count": 358,
            "popularity": 71.74,
            "startMonth": 202201,
            "endMonth": 202201
        },
        {
            "name": "xdg-dbus-proxy",
            "samples": 499,
            "count": 357,
            "popularity": 71.54,
            "startMonth": 202201,
            "endMonth": 202201
        },
        {
            "name": "imagemagick",
            "samples": 499,
            "count": 356,
            "popularity": 71.34,
            "startMonth": 202201,
            "endMonth": 202201
        },
        {
            "name": "liblrdf",
            "samples": 499,
            "count": 354,
            "popularity": 70.94,
            "startMonth": 202201,
            "endMonth": 202201
        },
        {
            "name": "lib32-p11-kit",
            "samples": 499,
            "count": 350,
            "popularity": 70.14,
            "startMonth": 202201,
            "endMonth": 202201
        },
        {
            "name": "libxml2",
            "samples": 499,
            "count": 350,
            "popularity": 70.14,
            "startMonth": 202201,
            "endMonth": 202201
        },
        {
            "name": "xorg-xauth",
            "samples": 499,
            "count": 350,
            "popularity": 70.14,
            "startMonth": 202201,
            "endMonth": 202201
        },
        {
            "name": "pam",
            "samples": 499,
            "count": 349,
            "popularity": 69.94,
            "startMonth": 202201,
            "endMonth": 202201
        },
        {
            "name": "xcb-util-wm",
            "samples": 499,
            "count": 349,
            "popularity": 69.94,
            "startMonth": 202201,
            "endMonth": 202201
        },
        {
            "name": "frei0r-plugins",
            "samples": 499,
            "count": 348,
            "popularity": 69.74,
            "startMonth": 202201,
            "endMonth": 202201
        },
        {
            "name": "squashfs-tools",
            "samples": 499,
            "count": 348,
            "popularity": 69.74,
            "startMonth": 202201,
            "endMonth": 202201
        },
        {
            "name": "python-more-itertools",
            "samples": 499,
            "count": 345,
            "popularity": 69.14,
            "startMonth": 202201,
            "endMonth": 202201
        },
        {
            "name": "portaudio",
            "samples": 499,
            "count": 344,
            "popularity": 68.94,
            "startMonth": 202201,
            "endMonth": 202201
        },
        {
            "name": "hunspell",
            "samples": 499,
            "count": 343,
            "popularity": 68.74,
            "startMonth": 202201,
            "endMonth": 202201
        },
        {
            "name": "git",
            "samples": 499,
            "count": 341,
            "popularity": 68.34,
            "startMonth": 202201,
            "endMonth": 202201
        },
        {
            "name": "libx11",
            "samples": 499,
            "count": 341,
            "popularity": 68.34,
            "startMonth": 202201,
            "endMonth": 202201
        },
        {
            "name": "tcsh",
            "samples": 499,
            "count": 341,
            "popularity": 68.34,
            "startMonth": 202201,
            "endMonth": 202201
        },
        {
            "name": "libnma-gtk4",
            "samples": 499,
            "count": 340,
            "popularity": 68.14,
            "startMonth": 202201,
            "endMonth": 202201
        },
        {
            "name": "sysfsutils",
            "samples": 499,
            "count": 340,
            "popularity": 68.14,
            "startMonth": 202201,
            "endMonth": 202201
        },
        {
            "name": "mythes-en",
            "samples": 499,
            "count": 339,
            "popularity": 67.94,
            "startMonth": 202201,
            "endMonth": 202201
        },
        {
            "name": "npth",
            "samples": 499,
            "count": 339,
            "popularity": 67.94,
            "startMonth": 202201,
            "endMonth": 202201
        },
        {
            "name": "snappy",
            "samples": 499,
            "count": 339,
            "popularity": 67.94,
            "startMonth": 202201,
            "endMonth": 202201
        },
        {
            "name": "opensc",
            "samples": 499,
            "count": 338,
            "popularity": 67.74,
            "startMonth": 202201,
            "endMonth": 202201
        },
        {
            "name": "terminus-font",
            "samples": 499,
            "count": 338,
            "popularity": 67.74,
            "startMonth": 202201,
            "endMonth": 202201
        },
        {
            "name": "pv",
            "samples": 499,
            "count": 336,
            "popularity": 67.33,
            "startMonth": 202201,
            "endMonth": 202201
        },
        {
            "name": "libevent",
            "samples": 499,
            "count": 334,
            "popularity": 66.93,
            "startMonth": 202201,
            "endMonth": 202201
        },
        {
            "name": "perl-uri",
            "samples": 499,
            "count": 334,
            "popularity": 66.93,
            "startMonth": 202201,
            "endMonth": 202201
        },
        {
            "name": "lib32-krb5",
            "samples": 499,
            "count": 332,
            "popularity": 66.53,
            "startMonth": 202201,
            "endMonth": 202201
        },
        {
            "name": "php",
            "samples": 499,
            "count": 332,
            "popularity": 66.53,
            "startMonth": 202201,
            "endMonth": 202201
        },
        {
            "name": "xdg-desktop-portal-gtk",
            "samples": 499,
            "count": 330,
            "popularity": 66.13,
            "startMonth": 202201,
            "endMonth": 202201
        },
        {
            "name": "libxi",
            "samples": 499,
            "count": 328,
            "popularity": 65.73,
            "startMonth": 202201,
            "endMonth": 202201
        },
        {
            "name": "man-pages",
            "samples": 499,
            "count": 328,
            "popularity": 65.73,
            "startMonth": 202201,
            "endMonth": 202201
        },
        {
            "name": "libtheora",
            "samples": 499,
            "count": 326,
            "popularity": 65.33,
            "startMonth": 202201,
            "endMonth": 202201
        },
        {
            "name": "zsh-history-substring-search",
            "samples": 499,
            "count": 326,
            "popularity": 65.33,
            "startMonth": 202201,
            "endMonth": 202201
        },
        {
            "name": "budgie-desktop",
            "samples": 499,
            "count": 325,
            "popularity": 65.13,
            "startMonth": 202201,
            "endMonth": 202201
        },
        {
            "name": "lv2",
            "samples": 499,
            "count": 325,
            "popularity": 65.13,
            "startMonth": 202201,
            "endMonth": 202201
        },
        {
            "name": "xdg-desktop-portal",
            "samples": 499,
            "count": 325,
            "popularity": 65.13,
            "startMonth": 202201,
            "endMonth": 202201
        },
        {
            "name": "groff",
            "samples": 499,
            "count": 324,
            "popularity": 64.93,
            "startMonth": 202201,
            "endMonth": 202201
        },
        {
            "name": "libjcat",
            "samples": 499,
            "count": 324,
            "popularity": 64.93,
            "startMonth": 202201,
            "endMonth": 202201
        },
        {
            "name": "fontconfig",
            "samples": 499,
            "count": 323,
            "popularity": 64.73,
            "startMonth": 202201,
            "endMonth": 202201
        },
        {
            "name": "libva",
            "samples": 499,
            "count": 323,
            "popularity": 64.73,
            "startMonth": 202201,
            "endMonth": 202201
        },
        {
            "name": "pyalpm",
            "samples": 499,
            "count": 323,
            "popularity": 64.73,
            "startMonth": 202201,
            "endMonth": 202201
        },
        {
            "name": "aom",
            "samples": 499,
            "count": 322,
            "popularity": 64.53,
            "startMonth": 202201,
            "endMonth": 202201
        },
        {
            "name": "lib32-libelf",
            "samples": 499,
            "count": 322,
            "popularity": 64.53,
            "startMonth": 202201,
            "endMonth": 202201
        },
        {
            "name": "tree",
            "samples": 499,
            "count": 322,
            "popularity": 64.53,
            "startMonth": 202201,
            "endMonth": 202201
        },
        {
            "name": "virglrenderer",
            "samples": 499,
            "count": 322,
            "popularity": 64.53,
            "startMonth": 202201,
            "endMonth": 202201
        },
        {
            "name": "zsh-theme-powerlevel10k",
            "samples": 499,
            "count": 322,
            "popularity": 64.53,
            "startMonth": 202201,
            "endMonth": 202201
        },
        {
            "name": "libidn",
            "samples": 499,
            "count": 321,
            "popularity": 64.33,
            "startMonth": 202201,
            "endMonth": 202201
        },
        {
            "name": "mangohud-common",
            "samples": 499,
            "count": 321,
            "popularity": 64.33,
            "startMonth": 202201,
            "endMonth": 202201
        }
    ]
}
