{
    "request": "\/api\/packages?limit=1&offset=1",
    "response": {
        "total": 1342,
        "count": 1,
        "limit": 1,
        "offset": 1,
        "query": "",
        "packagePopularities": [
            {
                "name": "xorg-xrandr",
                "samples": 499,
                "count": 479,
                "popularity": 95.99,
                "startMonth": 202201,
                "endMonth": 202201
            }
        ]
    }
}
