{
    "total": 1111,
    "count": 1,
    "limit": 1,
    "offset": 2,
    "query": "",
    "packagePopularities": [
        {
            "name": "gnome-shell-extensions",
            "samples": 499,
            "count": 468,
            "popularity": 93.79,
            "startMonth": 202201,
            "endMonth": 202201
        }
    ]
}
