{
    "name": "pacman",
    "samples": 499,
    "count": 171,
    "popularity": 34.27,
    "startMonth": 202201,
    "endMonth": 202201
}
