{
    "total": 3,
    "count": 1,
    "limit": 1,
    "offset": 2,
    "query": "pacman",
    "packagePopularities": [
        {
            "name": "pacman-contrib",
            "samples": 499,
            "count": 134,
            "popularity": 26.85,
            "startMonth": 202201,
            "endMonth": 202201
        }
    ]
}
