{
    "total": 1104,
    "count": 10,
    "limit": 10,
    "offset": 2,
    "query": "",
    "packagePopularities": [
        {
            "name": "graphicsmagick",
            "samples": 499,
            "count": 468,
            "popularity": 93.79,
            "startMonth": 202201,
            "endMonth": 202201
        },
        {
            "name": "ghostscript",
            "samples": 499,
            "count": 459,
            "popularity": 91.98,
            "startMonth": 202201,
            "endMonth": 202201
        },
        {
            "name": "lcms2",
            "samples": 499,
            "count": 454,
            "popularity": 90.98,
            "startMonth": 202201,
            "endMonth": 202201
        },
        {
            "name": "auracle-git",
            "samples": 499,
            "count": 439,
            "popularity": 87.98,
            "startMonth": 202201,
            "endMonth": 202201
        },
        {
            "name": "lib32-expat",
            "samples": 499,
            "count": 437,
            "popularity": 87.58,
            "startMonth": 202201,
            "endMonth": 202201
        },
        {
            "name": "python-ordered-set",
            "samples": 499,
            "count": 436,
            "popularity": 87.37,
            "startMonth": 202201,
            "endMonth": 202201
        },
        {
            "name": "archlinux-keyring",
            "samples": 499,
            "count": 433,
            "popularity": 86.77,
            "startMonth": 202201,
            "endMonth": 202201
        },
        {
            "name": "lib32-libxshmfence",
            "samples": 499,
            "count": 427,
            "popularity": 85.57,
            "startMonth": 202201,
            "endMonth": 202201
        },
        {
            "name": "base",
            "samples": 499,
            "count": 424,
            "popularity": 84.97,
            "startMonth": 202201,
            "endMonth": 202201
        },
        {
            "name": "python",
            "samples": 499,
            "count": 422,
            "popularity": 84.57,
            "startMonth": 202201,
            "endMonth": 202201
        }
    ]
}
