{
    "total": 2,
    "count": 2,
    "limit": 10,
    "offset": 0,
    "query": null,
    "packagePopularities": [
        {
            "name": "pacman",
            "samples": 527,
            "count": 149,
            "popularity": 28.27,
            "startMonth": 202112,
            "endMonth": 202112
        },
        {
            "name": "pacman",
            "samples": 499,
            "count": 252,
            "popularity": 50.5,
            "startMonth": 202201,
            "endMonth": 202201
        }
    ]
}
