{
    "request": "\/api\/packages?startMonth=202112&limit=1&offset=1&query=",
    "response": {
        "total": 1342,
        "count": 1,
        "limit": 1,
        "offset": 1,
        "query": "",
        "packagePopularities": [
            {
                "name": "mbedtls2",
                "samples": 1026,
                "count": 813,
                "popularity": 79.24,
                "startMonth": 202112,
                "endMonth": 202201
            }
        ]
    }
}
