{
    "total": 1,
    "count": 1,
    "limit": 100,
    "offset": 0,
    "query": null,
    "packagePopularities": [
        {
            "name": "pacman",
            "samples": 499,
            "count": 338,
            "popularity": 67.74,
            "startMonth": 202201,
            "endMonth": 202201
        }
    ]
}
