{
    "total": 2,
    "count": 1,
    "limit": 1,
    "offset": 0,
    "query": null,
    "packagePopularities": [
        {
            "name": "pacman",
            "samples": 527,
            "count": 140,
            "popularity": 26.57,
            "startMonth": 202112,
            "endMonth": 202112
        }
    ]
}
