{
    "total": 3,
    "count": 3,
    "limit": 10,
    "offset": 0,
    "query": "pacman",
    "packagePopularities": [
        {
            "name": "pacman-mirrorlist",
            "samples": 1026,
            "count": 326,
            "popularity": 31.77,
            "startMonth": 202112,
            "endMonth": 202201
        },
        {
            "name": "pacman",
            "samples": 1026,
            "count": 311,
            "popularity": 30.31,
            "startMonth": 202112,
            "endMonth": 202201
        },
        {
            "name": "pacman-contrib",
            "samples": 1026,
            "count": 232,
            "popularity": 22.61,
            "startMonth": 202112,
            "endMonth": 202201
        }
    ]
}
