{
    "total": 1102,
    "count": 10,
    "limit": 10,
    "offset": 2,
    "query": "",
    "packagePopularities": [
        {
            "name": "groff",
            "samples": 499,
            "count": 468,
            "popularity": 93.79,
            "startMonth": 202201,
            "endMonth": 202201
        },
        {
            "name": "gjs",
            "samples": 499,
            "count": 459,
            "popularity": 91.98,
            "startMonth": 202201,
            "endMonth": 202201
        },
        {
            "name": "less",
            "samples": 499,
            "count": 454,
            "popularity": 90.98,
            "startMonth": 202201,
            "endMonth": 202201
        },
        {
            "name": "babl",
            "samples": 499,
            "count": 439,
            "popularity": 87.98,
            "startMonth": 202201,
            "endMonth": 202201
        },
        {
            "name": "lib32-glib2",
            "samples": 499,
            "count": 437,
            "popularity": 87.58,
            "startMonth": 202201,
            "endMonth": 202201
        },
        {
            "name": "python-ply",
            "samples": 499,
            "count": 436,
            "popularity": 87.37,
            "startMonth": 202201,
            "endMonth": 202201
        },
        {
            "name": "aspell-de",
            "samples": 499,
            "count": 433,
            "popularity": 86.77,
            "startMonth": 202201,
            "endMonth": 202201
        },
        {
            "name": "lib32-lm_sensors",
            "samples": 499,
            "count": 427,
            "popularity": 85.57,
            "startMonth": 202201,
            "endMonth": 202201
        },
        {
            "name": "bison",
            "samples": 499,
            "count": 424,
            "popularity": 84.97,
            "startMonth": 202201,
            "endMonth": 202201
        },
        {
            "name": "java-environment-common",
            "samples": 499,
            "count": 422,
            "popularity": 84.57,
            "startMonth": 202201,
            "endMonth": 202201
        }
    ]
}
